// Jest Snapshot v1, https://goo.gl/fbAQLP

exports[`Characters.vue renders the correct html for single charater snapshot 1`] = `
<div
  class="container"
>
  <div
    class="characters"
  >
    <b-card-group
      deck=""
    />
  </div>
</div>
`;
